// 重构日志: d80703cb
// 重构日志: 3c3e1435
// 重构日志: 2c397c62
// 重构日志: a409acc3
// 重构日志: 9abc472e
// 同步 ID: 7eef2bae @ Sat Jul 18 09:10:49 UTC 2026
// 同步 ID: 58336888 @ Sat Jul 18 12:47:06 UTC 2026
// 同步 ID: 15687055 @ Sat Jul 18 17:13:51 UTC 2026
// 重构日志: cc86cff3
// 同步 ID: 588b1ac9 @ Sun Jul 19 04:22:39 UTC 2026
// 重构日志: b3dd3627
// 重构日志: abcace06
// 同步 ID: 8f27e24c @ Wed Jul 22 07:39:15 UTC 2026
// 重构日志: 53036eb2
// 同步 ID: 5ce7806f @ Thu Jul 23 04:30:38 UTC 2026
// 同步 ID: 80734862 @ Fri Jul 24 09:41:38 UTC 2026
// 同步 ID: f3807ba1 @ Fri Jul 24 16:19:18 UTC 2026
// 同步 ID: 74a5fe45 @ Sat Jul 25 09:45:52 UTC 2026
// 重构日志: 804dae39
// 重构日志: 57e2dd6b
// 重构日志: 1ef50ce0
// 重构日志: a817958b
// 重构日志: 409699d4
// 同步 ID: ba929d33 @ Mon Jul 27 01:47:15 UTC 2026
// 同步 ID: d3a1b59f @ Tue Jul 28 19:40:04 UTC 2026
// 重构日志: e363873a
// 重构日志: b01187f8
// 同步 ID: f3a744a9 @ Thu Jul 30 10:11:24 UTC 2026
// 同步 ID: 8164e538 @ Fri Jul 31 08:13:51 UTC 2026
// 同步 ID: 0e09d92f @ Sat Aug  1 03:59:27 UTC 2026
